[0m11:51:18.921669 [debug] [MainThread]: Sending event: {'category': 'dbt', 'action': 'invocation', 'label': 'start', 'context': [<snowplow_tracker.self_describing_json.SelfDescribingJson object at 0x000002BB08AB5850>, <snowplow_tracker.self_describing_json.SelfDescribingJson object at 0x000002BB070E7920>, <snowplow_tracker.self_describing_json.SelfDescribingJson object at 0x000002BB070E6570>]}


============================== 11:51:18.926692 | dc1ef724-6a93-4039-b4ec-b8cd975ac17d ==============================
[0m11:51:18.926692 [info ] [MainThread]: Running with dbt=1.12.0
[0m11:51:18.926692 [debug] [MainThread]: running dbt with arguments {'maximum_seed_size_mib': '1', 'no_print': 'None', 'version_check': 'True', 'target_path': 'None', 'static_parser': 'True', 'warn_error_options': 'WarnErrorOptionsV2(error=[], warn=[], silence=[])', 'printer_width': '80', 'write_json': 'True', 'introspect': 'True', 'log_cache_events': 'False', 'empty': 'None', 'cache_selected_only': 'False', 'log_format': 'default', 'debug': 'False', 'fail_fast': 'False', 'partial_parse': 'True', 'send_anonymous_usage_stats': 'True', 'quiet': 'False', 'warn_error': 'None', 'profiles_dir': 'C:\\Users\\Darshil\\.dbt', 'invocation_command': 'dbt init', 'hints_enabled': 'True', 'indirect_selection': 'eager', 'use_experimental_parser': 'False', 'use_colors': 'True', 'log_path': 'logs'}
[0m11:51:30.008683 [debug] [MainThread]: Starter project path: C:\Users\Darshil\Documents\Code\CP_BIKESHARE\CPENV\Lib\site-packages\dbt\include\starter_project
[0m11:51:30.032391 [info ] [MainThread]: Setting up your profile.
[0m11:51:38.619185 [info ] [MainThread]: Running dbt debug to validate the project...
[0m11:51:38.620191 [info ] [MainThread]: dbt version: 1.12.0
[0m11:51:38.620191 [info ] [MainThread]: python version: 3.12.10
[0m11:51:38.620191 [info ] [MainThread]: python path: C:\Users\Darshil\Documents\Code\CP_BIKESHARE\CPENV\Scripts\python.exe
[0m11:51:38.621476 [info ] [MainThread]: os info: Windows-11-10.0.26100-SP0
[0m11:51:38.698908 [info ] [MainThread]: Using profiles dir at C:\Users\Darshil\.dbt
[0m11:51:38.699908 [info ] [MainThread]: Using profiles.yml file at C:\Users\Darshil\.dbt\profiles.yml
[0m11:51:38.699908 [info ] [MainThread]: Using dbt_project.yml file at C:\Users\Darshil\Documents\Code\CP_BIKESHARE\CPB_DBT\dbt_project.yml
[0m11:51:38.702909 [info ] [MainThread]: adapter type: duckdb
[0m11:51:38.702909 [info ] [MainThread]: adapter version: 1.10.1
[0m11:51:38.806396 [info ] [MainThread]: Configuration:
[0m11:51:38.807396 [info ] [MainThread]:   profiles.yml file [[32mOK found and valid[0m]
[0m11:51:38.807396 [info ] [MainThread]:   dbt_project.yml file [[32mOK found and valid[0m]
[0m11:51:38.807396 [info ] [MainThread]: Required dependencies:
[0m11:51:38.808667 [debug] [MainThread]: Executing "git --help"
[0m11:51:38.861459 [debug] [MainThread]: STDOUT: "b"usage: git [-v | --version] [-h | --help] [-C <path>] [-c <name>=<value>]\n           [--exec-path[=<path>]] [--html-path] [--man-path] [--info-path]\n           [-p | --paginate | -P | --no-pager] [--no-replace-objects] [--no-lazy-fetch]\n           [--no-optional-locks] [--no-advice] [--bare] [--git-dir=<path>]\n           [--work-tree=<path>] [--namespace=<name>] [--config-env=<name>=<envvar>]\n           <command> [<args>]\n\nThese are common Git commands used in various situations:\n\nstart a working area (see also: git help tutorial)\n   clone      Clone a repository into a new directory\n   init       Create an empty Git repository or reinitialize an existing one\n\nwork on the current change (see also: git help everyday)\n   add        Add file contents to the index\n   mv         Move or rename a file, a directory, or a symlink\n   restore    Restore working tree files\n   rm         Remove files from the working tree and from the index\n\nexamine the history and state (see also: git help revisions)\n   bisect     Use binary search to find the commit that introduced a bug\n   diff       Show changes between commits, commit and working tree, etc\n   grep       Print lines matching a pattern\n   log        Show commit logs\n   show       Show various types of objects\n   status     Show the working tree status\n\ngrow, mark and tweak your common history\n   backfill   Download missing objects in a partial clone\n   branch     List, create, or delete branches\n   commit     Record changes to the repository\n   history    EXPERIMENTAL: Rewrite history\n   merge      Join two or more development histories together\n   rebase     Reapply commits on top of another base tip\n   reset      Set `HEAD` or the index to a known state\n   switch     Switch branches\n   tag        Create, list, delete or verify tags\n\ncollaborate (see also: git help workflows)\n   fetch      Download objects and refs from another repository\n   pull       Fetch from and integrate with another repository or a local branch\n   push       Update remote refs along with associated objects\n\n'git help -a' and 'git help -g' list available subcommands and some\nconcept guides. See 'git help <command>' or 'git help <concept>'\nto read about a specific subcommand or concept.\nSee 'git help git' for an overview of the system.\n""
[0m11:51:38.861459 [debug] [MainThread]: STDERR: "b''"
[0m11:51:38.863055 [info ] [MainThread]:  - git [[32mOK found[0m]

[0m11:51:38.863055 [info ] [MainThread]: Connection:
[0m11:51:38.863055 [info ] [MainThread]:   database: dev
[0m11:51:38.864061 [info ] [MainThread]:   schema: main
[0m11:51:38.864061 [info ] [MainThread]:   path: dev.duckdb
[0m11:51:38.864061 [info ] [MainThread]:   config_options: None
[0m11:51:38.864061 [info ] [MainThread]:   extensions: None
[0m11:51:38.865792 [info ] [MainThread]:   settings: {}
[0m11:51:38.865792 [info ] [MainThread]:   external_root: .
[0m11:51:38.865792 [info ] [MainThread]:   use_credential_provider: None
[0m11:51:38.865792 [info ] [MainThread]:   attach: None
[0m11:51:38.867230 [info ] [MainThread]:   filesystems: None
[0m11:51:38.867230 [info ] [MainThread]:   remote: None
[0m11:51:38.867230 [info ] [MainThread]:   plugins: None
[0m11:51:38.867230 [info ] [MainThread]:   disable_transactions: False
[0m11:51:38.868391 [info ] [MainThread]: Registered adapter: duckdb=1.10.1
[0m11:51:39.106918 [debug] [MainThread]: Acquiring new duckdb connection 'debug'
[0m11:51:39.166803 [debug] [MainThread]: Using duckdb connection "debug"
[0m11:51:39.166803 [debug] [MainThread]: On debug: select 1 as id
[0m11:51:39.166803 [debug] [MainThread]: Opening a new connection, currently in state init
[0m11:51:39.181100 [debug] [MainThread]: SQL status: OK in 0.014 seconds
[0m11:51:39.182101 [debug] [MainThread]: On debug: Close
[0m11:51:39.183101 [info ] [MainThread]:   Connection test: [[32mOK connection ok[0m]

[0m11:51:39.183101 [info ] [MainThread]: [32mAll checks passed![0m
[0m11:51:39.183101 [info ] [MainThread]: Your new dbt project "CPB_DBT" was created!
Initialized new project in C:\Users\Darshil\Documents\Code\CP_BIKESHARE\CPB_DBT\CPB_DBT

For more information on how to configure the profiles.yml file,
please consult the dbt documentation here:

  https://docs.getdbt.com/docs/configure-your-profile

One more thing:

Need help? Don't hesitate to reach out to us via GitHub issues or on Slack:

  https://community.getdbt.com/

Happy modeling!

[0m11:51:39.184577 [debug] [MainThread]: Command `dbt init` succeeded at 11:51:39.184577 after 20.39 seconds
[0m11:51:39.184577 [debug] [MainThread]: Connection 'debug' was properly closed.
[0m11:51:39.184577 [debug] [MainThread]: Sending event: {'category': 'dbt', 'action': 'invocation', 'label': 'end', 'context': [<snowplow_tracker.self_describing_json.SelfDescribingJson object at 0x000002BB06959EE0>, <snowplow_tracker.self_describing_json.SelfDescribingJson object at 0x000002BB08C72210>, <snowplow_tracker.self_describing_json.SelfDescribingJson object at 0x000002BB064B6480>]}
[0m11:51:39.185578 [debug] [MainThread]: Flushing usage events
[0m11:51:39.843837 [debug] [MainThread]: An error was encountered while trying to flush usage events
[0m12:23:05.804969 [debug] [MainThread]: Sending event: {'category': 'dbt', 'action': 'invocation', 'label': 'start', 'context': [<snowplow_tracker.self_describing_json.SelfDescribingJson object at 0x00000255A6C38E60>, <snowplow_tracker.self_describing_json.SelfDescribingJson object at 0x00000255A967DBE0>, <snowplow_tracker.self_describing_json.SelfDescribingJson object at 0x00000255A9AA69F0>]}


============================== 12:23:05.811297 | 372c4321-a791-4fc2-8d4f-2bd43201d6fe ==============================
[0m12:23:05.811297 [info ] [MainThread]: Running with dbt=1.12.0
[0m12:23:05.811297 [debug] [MainThread]: running dbt with arguments {'static_parser': 'True', 'no_print': 'None', 'maximum_seed_size_mib': '1', 'warn_error_options': 'WarnErrorOptionsV2(error=[], warn=[], silence=[])', 'target_path': 'None', 'version_check': 'True', 'printer_width': '80', 'write_json': 'True', 'introspect': 'True', 'log_cache_events': 'False', 'empty': 'False', 'cache_selected_only': 'False', 'fail_fast': 'False', 'debug': 'False', 'log_format': 'default', 'profiles_dir': 'C:\\Users\\Darshil\\.dbt', 'send_anonymous_usage_stats': 'True', 'quiet': 'False', 'warn_error': 'None', 'partial_parse': 'True', 'indirect_selection': 'eager', 'hints_enabled': 'True', 'invocation_command': 'dbt run --select DIM_STATIONS', 'use_experimental_parser': 'False', 'use_colors': 'True', 'log_path': 'logs'}
[0m12:23:05.811297 [error] [MainThread]: [[31mERROR[0m]: Encountered an error:
Runtime Error
  No dbt_project.yml found at expected path C:\Users\Darshil\Documents\Code\CP_BIKESHARE\dbt_project.yml
  Verify that each entry within packages.yml (and their transitive dependencies) contains a file named dbt_project.yml
  
[0m12:23:05.812802 [debug] [MainThread]: Command `dbt run` failed at 12:23:05.812802 after 0.13 seconds
[0m12:23:05.812802 [debug] [MainThread]: Sending event: {'category': 'dbt', 'action': 'invocation', 'label': 'end', 'context': [<snowplow_tracker.self_describing_json.SelfDescribingJson object at 0x00000255A9245E50>, <snowplow_tracker.self_describing_json.SelfDescribingJson object at 0x00000255A8C4D7C0>, <snowplow_tracker.self_describing_json.SelfDescribingJson object at 0x00000255A92ADE50>]}
[0m12:23:05.813815 [debug] [MainThread]: Flushing usage events
[0m12:23:06.457508 [debug] [MainThread]: An error was encountered while trying to flush usage events
